# hi-lite-golden-v1
# Scope categories are normalized to hi-lite semantic kinds.

line 1: 0..1=comment 1..19=comment
line 2: 0..3=keyword 3..17=normal
line 3: 
line 4: 0..4=normal 4..5=operator 5..6=string 6..9=string 9..10=string
line 5: 0..5=normal 5..6=operator 6..7=string 7..9=string 9..10=string
line 6: 0..2=keyword 2..3=normal 3..4=bracket 4..5=normal 5..6=string 6..7=string 7..11=string 11..12=string 12..13=normal 13..14=bracket 14..15=operator 15..16=normal 16..20=keyword
line 7: 0..2=normal 2..8=keyword 8..9=normal 9..10=string 10..19=string 19..20=string 20..21=normal 21..22=string 22..23=string 23..27=string 27..28=string 28..29=normal 29..30=string 30..31=string 31..36=string 36..37=string
line 8: 0..2=keyword
