# hi-lite-diff-v1
line 1: equal old=1 new=1 text=fn main() {
line 2: remove old=2 new=- text=    println!("old");
line 3: add old=- new=2 text=    println!("new");
line 4: equal old=3 new=3 text=    keep();
line 5: add old=- new=4 text=    added();
line 6: equal old=4 new=5 text=}

preview 1: context old=1 new=1 text=fn main() {
preview 2: deletion old=2 new=- text=    println!("old");
preview 3: addition old=- new=2 text=    println!("new");
preview 4: context old=3 new=3 text=    keep();
preview 5: addition old=- new=4 text=    added();
preview 6: context old=4 new=5 text=}
