# hi-lite-golden-v1
# Scope categories are normalized to hi-lite semantic kinds.

line 1: 0..2=bracket 2..9=keyword 9..14=normal 14..15=bracket
line 2: 0..1=bracket 1..5=keyword 5..6=normal 6..10=constant 10..11=normal 11..12=string 12..14=string 14..15=string 15..16=bracket
line 3: 0..2=normal 2..3=bracket 3..7=keyword 7..8=normal 8..13=constant 13..14=normal 14..15=string 15..19=string 19..20=string 20..21=normal 21..31=constant 31..32=normal 32..33=string 33..35=string 35..36=string 36..37=bracket
line 4: 0..4=normal 4..5=bracket 5..7=keyword 7..8=bracket 8..13=normal 13..15=bracket 15..17=keyword 17..18=bracket
line 5: 0..4=normal 4..8=comment 8..33=comment 33..36=comment
line 6: 0..2=normal 2..4=bracket 4..8=keyword 8..9=bracket
line 7: 0..2=bracket 2..6=keyword 6..7=bracket
