# hi-lite-golden-v1
# Scope categories are normalized to hi-lite semantic kinds.

line 1: 0..2=comment 2..57=comment
line 2: 0..5=keyword 5..6=normal 6..10=normal 10..11=normal 11..12=bracket
line 3: 0..2=normal 2..13=function 13..14=bracket 14..18=normal 18..19=normal 19..20=normal 20..25=normal 25..26=normal 26..27=operator 27..28=normal 28..30=number 30..31=bracket 31..32=normal 32..33=bracket
line 4: 0..4=normal 4..8=normal 8..9=operator 9..13=normal 13..14=normal 14..15=operator 15..16=normal 16..20=normal 20..21=normal
line 5: 0..4=normal 4..8=normal 8..9=operator 9..14=normal 14..15=normal 15..16=operator 16..17=normal 17..22=normal 22..23=normal
line 6: 0..2=normal 2..3=bracket
line 7: 
line 8: 0..2=normal 2..7=function 7..8=bracket 8..9=bracket 9..10=normal 10..11=bracket
line 9: 0..4=normal 4..10=keyword 10..11=normal 11..12=string 12..14=normal 14..18=normal 18..19=operator 19..23=normal 23..24=normal 24..26=string 26..28=normal 28..32=normal 32..33=operator 33..38=normal 38..39=normal 39..40=string 40..41=string 41..42=normal
line 10: 0..2=normal 2..3=bracket
line 11: 0..1=bracket
line 12: 
line 13: 0..6=keyword 6..7=normal 7..12=keyword 12..13=normal 13..17=normal 17..18=normal 18..19=operator 19..20=normal 20..23=keyword 23..24=normal 24..28=normal 28..29=bracket 29..30=string 30..33=string 33..34=string 34..35=bracket 35..36=normal
