# hi-lite-golden-v1
# Scope categories are normalized to hi-lite semantic kinds.

line 1: 0..4=keyword 4..5=normal 5..6=normal 6..9=normal
line 2: 0..5=keyword 5..6=normal 6..7=normal 7..9=number
line 3: 0..6=keyword 6..7=normal 7..8=normal 8..12=type
line 4: 0..5=keyword 5..6=normal
line 5: 0..2=normal 2..3=normal 3..4=normal 4..9=normal
line 6: 0..2=normal 2..3=normal 3..4=normal 4..8=normal
line 7: 0..8=keyword 8..9=normal 9..10=normal 10..11=type 11..19=type
line 8: 0..2=normal 2..9=keyword 9..10=normal 10..11=normal 11..12=number
line 9: 0..7=keyword 7..8=normal
line 10: 0..2=normal 2..4=keyword 4..5=normal 5..6=normal 6..7=type 7..15=type
line 11: 0..2=normal 2..6=keyword 6..7=normal 7..8=normal 8..9=string 9..22=string 22..23=string 23..24=normal 24..25=comment 25..40=comment
